// Jest Snapshot v1, https://goo.gl/fbAQLP

exports[`TogglePlatform When toHash method is called should return toggle platform as hash 1`] = `
Object {
  "active": false,
  "platform": "mobile_web",
}
`;

exports[`TogglePlatform When toString method is called should return toggle platform info 1`] = `"{\\"platform\\":\\"mobile_web\\",\\"active\\":false}"`;
